This is pdfTeX, Version 3.141592653-2.6-1.40.26 (MiKTeX 24.4) (preloaded format=pdflatex 2026.4.21)  24 APR 2026 11:15
entering extended mode
 restricted \write18 enabled.
 %&-line parsing enabled.
**"D:/GitHubJC/Curso_Multivariado/Diapositivas/2 med desc multivariadas/2_medid
as_descriptivas_multivariadas.tex"

(D:/GitHubJC/Curso_Multivariado/Diapositivas/2 med desc multivariadas/2_medidas
_descriptivas_multivariadas.tex
LaTeX2e <2024-11-01> patch level 1
L3 programming layer <2024-12-25>
(C:\Users\PROYECTO\AppData\Local\Programs\MiKTeX\tex/latex/beamer\beamer.cls
Document Class: beamer 2026/01/22 v3.77 A class for typesetting presentations

(C:\Users\PROYECTO\AppData\Local\Programs\MiKTeX\tex/latex/beamer\beamerbasemod
es.sty
(C:\Users\PROYECTO\AppData\Local\Programs\MiKTeX\tex/latex/etoolbox\etoolbox.st
y
Package: etoolbox 2020/10/05 v2.5k e-TeX tools for LaTeX (JAW)
\etb@tempcnta=\count196
)
\beamer@tempbox=\box52
\beamer@tempcount=\count197
\c@beamerpauses=\count198

(C:\Users\PROYECTO\AppData\Local\Programs\MiKTeX\tex/latex/beamer\beamerbasedec
ode.sty
\beamer@slideinframe=\count199
\beamer@minimum=\count266
\beamer@decode@box=\box53
)
\beamer@commentbox=\box54
\beamer@modecount=\count267
) (C:\Users\PROYECTO\AppData\Local\Programs\MiKTeX\tex/generic/iftex\iftex.sty
Package: iftex 2024/12/12 v1.0g TeX engine tests
)
\headdp=\dimen141
\footheight=\dimen142
\sidebarheight=\dimen143
\beamer@tempdim=\dimen144
\beamer@finalheight=\dimen145
\beamer@animht=\dimen146
\beamer@animdp=\dimen147
\beamer@animwd=\dimen148
\beamer@leftmargin=\dimen149
\beamer@rightmargin=\dimen150
\beamer@leftsidebar=\dimen151
\beamer@rightsidebar=\dimen152
\beamer@boxsize=\dimen153
\beamer@vboxoffset=\dimen154
\beamer@descdefault=\dimen155
\beamer@descriptionwidth=\dimen156
\beamer@lastskip=\skip49
\beamer@areabox=\box55
\beamer@animcurrent=\box56
\beamer@animshowbox=\box57
\beamer@sectionbox=\box58
\beamer@logobox=\box59
\beamer@linebox=\box60
\beamer@sectioncount=\count268
\beamer@subsubsectionmax=\count269
\beamer@subsectionmax=\count270
\beamer@sectionmax=\count271
\beamer@totalheads=\count272
\beamer@headcounter=\count273
\beamer@partstartpage=\count274
\beamer@sectionstartpage=\count275
\beamer@subsectionstartpage=\count276
\beamer@animationtempa=\count277
\beamer@animationtempb=\count278
\beamer@xpos=\count279
\beamer@ypos=\count280
\beamer@ypos@offset=\count281
\beamer@showpartnumber=\count282
\beamer@currentsubsection=\count283
\beamer@coveringdepth=\count284
\beamer@sectionadjust=\count285
\beamer@toclastsection=\count286
\beamer@tocsectionnumber=\count287

(C:\Users\PROYECTO\AppData\Local\Programs\MiKTeX\tex/latex/beamer\beamerbaseopt
ions.sty (C:\Users\PROYECTO\AppData\Local\Programs\MiKTeX\tex/latex/graphics\ke
yval.sty
Package: keyval 2022/05/29 v1.15 key=value parser (DPC)
\KV@toks@=\toks17
))
\beamer@paperwidth=\skip50
\beamer@paperheight=\skip51

(C:\Users\PROYECTO\AppData\Local\Programs\MiKTeX\tex/latex/geometry\geometry.st
y
Package: geometry 2020/01/02 v5.9 Page Geometry
(C:\Users\PROYECTO\AppData\Local\Programs\MiKTeX\tex/generic/iftex\ifvtex.sty
Package: ifvtex 2019/10/25 v1.7 ifvtex legacy package. Use iftex instead.
)
\Gm@cnth=\count288
\Gm@cntv=\count289
\c@Gm@tempcnt=\count290
\Gm@bindingoffset=\dimen157
\Gm@wd@mp=\dimen158
\Gm@odd@mp=\dimen159
\Gm@even@mp=\dimen160
\Gm@layoutwidth=\dimen161
\Gm@layoutheight=\dimen162
\Gm@layouthoffset=\dimen163
\Gm@layoutvoffset=\dimen164
\Gm@dimlist=\toks18

(C:\Users\PROYECTO\AppData\Local\Programs\MiKTeX\tex/latex/geometry\geometry.cf
g))
(C:\Users\PROYECTO\AppData\Local\Programs\MiKTeX\tex/latex/pgf/math\pgfmath.sty

(C:\Users\PROYECTO\AppData\Local\Programs\MiKTeX\tex/latex/pgf/utilities\pgfrcs
.sty
(C:\Users\PROYECTO\AppData\Local\Programs\MiKTeX\tex/generic/pgf/utilities\pgfu
til-common.tex
\pgfutil@everybye=\toks19
\pgfutil@tempdima=\dimen165
\pgfutil@tempdimb=\dimen166
)
(C:\Users\PROYECTO\AppData\Local\Programs\MiKTeX\tex/generic/pgf/utilities\pgfu
til-latex.def
\pgfutil@abb=\box61
)
(C:\Users\PROYECTO\AppData\Local\Programs\MiKTeX\tex/generic/pgf/utilities\pgfr
cs.code.tex
(C:\Users\PROYECTO\AppData\Local\Programs\MiKTeX\tex/generic/pgf\pgf.revision.t
ex)
Package: pgfrcs 2023-01-15 v3.1.10 (3.1.10)
))
(C:\Users\PROYECTO\AppData\Local\Programs\MiKTeX\tex/latex/pgf/utilities\pgfkey
s.sty
(C:\Users\PROYECTO\AppData\Local\Programs\MiKTeX\tex/generic/pgf/utilities\pgfk
eys.code.tex
\pgfkeys@pathtoks=\toks20
\pgfkeys@temptoks=\toks21

(C:\Users\PROYECTO\AppData\Local\Programs\MiKTeX\tex/generic/pgf/utilities\pgfk
eyslibraryfiltered.code.tex
\pgfkeys@tmptoks=\toks22
)))
(C:\Users\PROYECTO\AppData\Local\Programs\MiKTeX\tex/generic/pgf/math\pgfmath.c
ode.tex
(C:\Users\PROYECTO\AppData\Local\Programs\MiKTeX\tex/generic/pgf/math\pgfmathut
il.code.tex
\pgf@x=\dimen167
\pgf@xa=\dimen168
\pgf@xb=\dimen169
\pgf@xc=\dimen170
\pgf@y=\dimen171
\pgf@ya=\dimen172
\pgf@yb=\dimen173
\pgf@yc=\dimen174
\c@pgf@counta=\count291
\c@pgf@countb=\count292
\c@pgf@countc=\count293
\c@pgf@countd=\count294
)
(C:\Users\PROYECTO\AppData\Local\Programs\MiKTeX\tex/generic/pgf/math\pgfmathpa
rser.code.tex
\pgfmath@dimen=\dimen175
\pgfmath@count=\count295
\pgfmath@box=\box62
\pgfmath@toks=\toks23
\pgfmath@stack@operand=\toks24
\pgfmath@stack@operation=\toks25
)
(C:\Users\PROYECTO\AppData\Local\Programs\MiKTeX\tex/generic/pgf/math\pgfmathfu
nctions.code.tex)
(C:\Users\PROYECTO\AppData\Local\Programs\MiKTeX\tex/generic/pgf/math\pgfmathfu
nctions.basic.code.tex)
(C:\Users\PROYECTO\AppData\Local\Programs\MiKTeX\tex/generic/pgf/math\pgfmathfu
nctions.trigonometric.code.tex)
(C:\Users\PROYECTO\AppData\Local\Programs\MiKTeX\tex/generic/pgf/math\pgfmathfu
nctions.random.code.tex)
(C:\Users\PROYECTO\AppData\Local\Programs\MiKTeX\tex/generic/pgf/math\pgfmathfu
nctions.comparison.code.tex)
(C:\Users\PROYECTO\AppData\Local\Programs\MiKTeX\tex/generic/pgf/math\pgfmathfu
nctions.base.code.tex)
(C:\Users\PROYECTO\AppData\Local\Programs\MiKTeX\tex/generic/pgf/math\pgfmathfu
nctions.round.code.tex)
(C:\Users\PROYECTO\AppData\Local\Programs\MiKTeX\tex/generic/pgf/math\pgfmathfu
nctions.misc.code.tex)
(C:\Users\PROYECTO\AppData\Local\Programs\MiKTeX\tex/generic/pgf/math\pgfmathfu
nctions.integerarithmetics.code.tex)
(C:\Users\PROYECTO\AppData\Local\Programs\MiKTeX\tex/generic/pgf/math\pgfmathca
lc.code.tex)
(C:\Users\PROYECTO\AppData\Local\Programs\MiKTeX\tex/generic/pgf/math\pgfmathfl
oat.code.tex
\c@pgfmathroundto@lastzeros=\count296
))) (C:\Users\PROYECTO\AppData\Local\Programs\MiKTeX\tex/latex/base\size11.clo
File: size11.clo 2024/06/29 v1.4n Standard LaTeX file (size option)
)
(C:\Users\PROYECTO\AppData\Local\Programs\MiKTeX\tex/latex/pgf/basiclayer\pgfco
re.sty
(C:\Users\PROYECTO\AppData\Local\Programs\MiKTeX\tex/latex/graphics\graphicx.st
y
Package: graphicx 2021/09/16 v1.2d Enhanced LaTeX Graphics (DPC,SPQR)

(C:\Users\PROYECTO\AppData\Local\Programs\MiKTeX\tex/latex/graphics\graphics.st
y
Package: graphics 2024/08/06 v1.4g Standard LaTeX Graphics (DPC,SPQR)
(C:\Users\PROYECTO\AppData\Local\Programs\MiKTeX\tex/latex/graphics\trig.sty
Package: trig 2023/12/02 v1.11 sin cos tan (DPC)
)
(C:\Users\PROYECTO\AppData\Local\Programs\MiKTeX\tex/latex/graphics-cfg\graphic
s.cfg
File: graphics.cfg 2016/06/04 v1.11 sample graphics configuration
)
Package graphics Info: Driver file: pdftex.def on input line 106.

(C:\Users\PROYECTO\AppData\Local\Programs\MiKTeX\tex/latex/graphics-def\pdftex.
def
File: pdftex.def 2024/04/13 v1.2c Graphics/color driver for pdftex
))
\Gin@req@height=\dimen176
\Gin@req@width=\dimen177
)
(C:\Users\PROYECTO\AppData\Local\Programs\MiKTeX\tex/latex/pgf/systemlayer\pgfs
ys.sty
(C:\Users\PROYECTO\AppData\Local\Programs\MiKTeX\tex/generic/pgf/systemlayer\pg
fsys.code.tex
Package: pgfsys 2023-01-15 v3.1.10 (3.1.10)
\pgf@x=\dimen178
\pgf@y=\dimen179
\pgf@xa=\dimen180
\pgf@ya=\dimen181
\pgf@xb=\dimen182
\pgf@yb=\dimen183
\pgf@xc=\dimen184
\pgf@yc=\dimen185
\pgf@xd=\dimen186
\pgf@yd=\dimen187
\w@pgf@writea=\write3
\r@pgf@reada=\read2
\c@pgf@counta=\count297
\c@pgf@countb=\count298
\c@pgf@countc=\count299
\c@pgf@countd=\count300
\t@pgf@toka=\toks26
\t@pgf@tokb=\toks27
\t@pgf@tokc=\toks28
\pgf@sys@id@count=\count301

(C:\Users\PROYECTO\AppData\Local\Programs\MiKTeX\tex/generic/pgf/systemlayer\pg
f.cfg
File: pgf.cfg 2023-01-15 v3.1.10 (3.1.10)
)
Driver file for pgf: pgfsys-pdftex.def

(C:\Users\PROYECTO\AppData\Local\Programs\MiKTeX\tex/generic/pgf/systemlayer\pg
fsys-pdftex.def
File: pgfsys-pdftex.def 2023-01-15 v3.1.10 (3.1.10)

(C:\Users\PROYECTO\AppData\Local\Programs\MiKTeX\tex/generic/pgf/systemlayer\pg
fsys-common-pdf.def
File: pgfsys-common-pdf.def 2023-01-15 v3.1.10 (3.1.10)
)))
(C:\Users\PROYECTO\AppData\Local\Programs\MiKTeX\tex/generic/pgf/systemlayer\pg
fsyssoftpath.code.tex
File: pgfsyssoftpath.code.tex 2023-01-15 v3.1.10 (3.1.10)
\pgfsyssoftpath@smallbuffer@items=\count302
\pgfsyssoftpath@bigbuffer@items=\count303
)
(C:\Users\PROYECTO\AppData\Local\Programs\MiKTeX\tex/generic/pgf/systemlayer\pg
fsysprotocol.code.tex
File: pgfsysprotocol.code.tex 2023-01-15 v3.1.10 (3.1.10)
)) (C:\Users\PROYECTO\AppData\Local\Programs\MiKTeX\tex/latex/xcolor\xcolor.sty
Package: xcolor 2024/09/29 v3.02 LaTeX color extensions (UK)

(C:\Users\PROYECTO\AppData\Local\Programs\MiKTeX\tex/latex/graphics-cfg\color.c
fg
File: color.cfg 2016/01/02 v1.6 sample color configuration
)
Package xcolor Info: Driver file: pdftex.def on input line 274.

(C:\Users\PROYECTO\AppData\Local\Programs\MiKTeX\tex/latex/graphics\mathcolor.l
tx)
Package xcolor Info: Model `cmy' substituted by `cmy0' on input line 1349.
Package xcolor Info: Model `hsb' substituted by `rgb' on input line 1353.
Package xcolor Info: Model `RGB' extended on input line 1365.
Package xcolor Info: Model `HTML' substituted by `rgb' on input line 1367.
Package xcolor Info: Model `Hsb' substituted by `hsb' on input line 1368.
Package xcolor Info: Model `tHsb' substituted by `hsb' on input line 1369.
Package xcolor Info: Model `HSB' substituted by `hsb' on input line 1370.
Package xcolor Info: Model `Gray' substituted by `gray' on input line 1371.
Package xcolor Info: Model `wave' substituted by `hsb' on input line 1372.
)
(C:\Users\PROYECTO\AppData\Local\Programs\MiKTeX\tex/generic/pgf/basiclayer\pgf
core.code.tex
Package: pgfcore 2023-01-15 v3.1.10 (3.1.10)

(C:\Users\PROYECTO\AppData\Local\Programs\MiKTeX\tex/generic/pgf/math\pgfint.co
de.tex)
(C:\Users\PROYECTO\AppData\Local\Programs\MiKTeX\tex/generic/pgf/basiclayer\pgf
corepoints.code.tex
File: pgfcorepoints.code.tex 2023-01-15 v3.1.10 (3.1.10)
\pgf@picminx=\dimen188
\pgf@picmaxx=\dimen189
\pgf@picminy=\dimen190
\pgf@picmaxy=\dimen191
\pgf@pathminx=\dimen192
\pgf@pathmaxx=\dimen193
\pgf@pathminy=\dimen194
\pgf@pathmaxy=\dimen195
\pgf@xx=\dimen196
\pgf@xy=\dimen197
\pgf@yx=\dimen198
\pgf@yy=\dimen199
\pgf@zx=\dimen256
\pgf@zy=\dimen257
)
(C:\Users\PROYECTO\AppData\Local\Programs\MiKTeX\tex/generic/pgf/basiclayer\pgf
corepathconstruct.code.tex
File: pgfcorepathconstruct.code.tex 2023-01-15 v3.1.10 (3.1.10)
\pgf@path@lastx=\dimen258
\pgf@path@lasty=\dimen259
)
(C:\Users\PROYECTO\AppData\Local\Programs\MiKTeX\tex/generic/pgf/basiclayer\pgf
corepathusage.code.tex
File: pgfcorepathusage.code.tex 2023-01-15 v3.1.10 (3.1.10)
\pgf@shorten@end@additional=\dimen260
\pgf@shorten@start@additional=\dimen261
)
(C:\Users\PROYECTO\AppData\Local\Programs\MiKTeX\tex/generic/pgf/basiclayer\pgf
corescopes.code.tex
File: pgfcorescopes.code.tex 2023-01-15 v3.1.10 (3.1.10)
\pgfpic=\box63
\pgf@hbox=\box64
\pgf@layerbox@main=\box65
\pgf@picture@serial@count=\count304
)
(C:\Users\PROYECTO\AppData\Local\Programs\MiKTeX\tex/generic/pgf/basiclayer\pgf
coregraphicstate.code.tex
File: pgfcoregraphicstate.code.tex 2023-01-15 v3.1.10 (3.1.10)
\pgflinewidth=\dimen262
)
(C:\Users\PROYECTO\AppData\Local\Programs\MiKTeX\tex/generic/pgf/basiclayer\pgf
coretransformations.code.tex
File: pgfcoretransformations.code.tex 2023-01-15 v3.1.10 (3.1.10)
\pgf@pt@x=\dimen263
\pgf@pt@y=\dimen264
\pgf@pt@temp=\dimen265
)
(C:\Users\PROYECTO\AppData\Local\Programs\MiKTeX\tex/generic/pgf/basiclayer\pgf
corequick.code.tex
File: pgfcorequick.code.tex 2023-01-15 v3.1.10 (3.1.10)
)
(C:\Users\PROYECTO\AppData\Local\Programs\MiKTeX\tex/generic/pgf/basiclayer\pgf
coreobjects.code.tex
File: pgfcoreobjects.code.tex 2023-01-15 v3.1.10 (3.1.10)
)
(C:\Users\PROYECTO\AppData\Local\Programs\MiKTeX\tex/generic/pgf/basiclayer\pgf
corepathprocessing.code.tex
File: pgfcorepathprocessing.code.tex 2023-01-15 v3.1.10 (3.1.10)
)
(C:\Users\PROYECTO\AppData\Local\Programs\MiKTeX\tex/generic/pgf/basiclayer\pgf
corearrows.code.tex
File: pgfcorearrows.code.tex 2023-01-15 v3.1.10 (3.1.10)
\pgfarrowsep=\dimen266
)
(C:\Users\PROYECTO\AppData\Local\Programs\MiKTeX\tex/generic/pgf/basiclayer\pgf
coreshade.code.tex
File: pgfcoreshade.code.tex 2023-01-15 v3.1.10 (3.1.10)
\pgf@max=\dimen267
\pgf@sys@shading@range@num=\count305
\pgf@shadingcount=\count306
)
(C:\Users\PROYECTO\AppData\Local\Programs\MiKTeX\tex/generic/pgf/basiclayer\pgf
coreimage.code.tex
File: pgfcoreimage.code.tex 2023-01-15 v3.1.10 (3.1.10)
)
(C:\Users\PROYECTO\AppData\Local\Programs\MiKTeX\tex/generic/pgf/basiclayer\pgf
coreexternal.code.tex
File: pgfcoreexternal.code.tex 2023-01-15 v3.1.10 (3.1.10)
\pgfexternal@startupbox=\box66
)
(C:\Users\PROYECTO\AppData\Local\Programs\MiKTeX\tex/generic/pgf/basiclayer\pgf
corelayers.code.tex
File: pgfcorelayers.code.tex 2023-01-15 v3.1.10 (3.1.10)
)
(C:\Users\PROYECTO\AppData\Local\Programs\MiKTeX\tex/generic/pgf/basiclayer\pgf
coretransparency.code.tex
File: pgfcoretransparency.code.tex 2023-01-15 v3.1.10 (3.1.10)
)
(C:\Users\PROYECTO\AppData\Local\Programs\MiKTeX\tex/generic/pgf/basiclayer\pgf
corepatterns.code.tex
File: pgfcorepatterns.code.tex 2023-01-15 v3.1.10 (3.1.10)
)
(C:\Users\PROYECTO\AppData\Local\Programs\MiKTeX\tex/generic/pgf/basiclayer\pgf
corerdf.code.tex
File: pgfcorerdf.code.tex 2023-01-15 v3.1.10 (3.1.10)
)))
(C:\Users\PROYECTO\AppData\Local\Programs\MiKTeX\tex/latex/pgf/utilities\xxcolo
r.sty
Package: xxcolor 2003/10/24 ver 0.1
\XC@nummixins=\count307
\XC@countmixins=\count308
)
(C:\Users\PROYECTO\AppData\Local\Programs\MiKTeX\tex/latex/base\atbegshi-ltx.st
y
Package: atbegshi-ltx 2021/01/10 v1.0c Emulation of the original atbegshi
package with kernel methods
)
(C:\Users\PROYECTO\AppData\Local\Programs\MiKTeX\tex/latex/hyperref\hyperref.st
y
Package: hyperref 2024-11-05 v7.01l Hypertext links for LaTeX

(C:\Users\PROYECTO\AppData\Local\Programs\MiKTeX\tex/latex/kvsetkeys\kvsetkeys.
sty
Package: kvsetkeys 2022-10-05 v1.19 Key value parser (HO)
)
(C:\Users\PROYECTO\AppData\Local\Programs\MiKTeX\tex/generic/kvdefinekeys\kvdef
inekeys.sty
Package: kvdefinekeys 2019-12-19 v1.6 Define keys (HO)
)
(C:\Users\PROYECTO\AppData\Local\Programs\MiKTeX\tex/generic/pdfescape\pdfescap
e.sty
Package: pdfescape 2019/12/09 v1.15 Implements pdfTeX's escape features (HO)

(C:\Users\PROYECTO\AppData\Local\Programs\MiKTeX\tex/generic/ltxcmds\ltxcmds.st
y
Package: ltxcmds 2023-12-04 v1.26 LaTeX kernel commands for general use (HO)
)
(C:\Users\PROYECTO\AppData\Local\Programs\MiKTeX\tex/generic/pdftexcmds\pdftexc
mds.sty
Package: pdftexcmds 2020-06-27 v0.33 Utility functions of pdfTeX for LuaTeX (HO
)

(C:\Users\PROYECTO\AppData\Local\Programs\MiKTeX\tex/generic/infwarerr\infwarer
r.sty
Package: infwarerr 2019/12/03 v1.5 Providing info/warning/error messages (HO)
)
Package pdftexcmds Info: \pdf@primitive is available.
Package pdftexcmds Info: \pdf@ifprimitive is available.
Package pdftexcmds Info: \pdfdraftmode found.
)) (C:\Users\PROYECTO\AppData\Local\Programs\MiKTeX\tex/latex/hycolor\hycolor.s
ty
Package: hycolor 2020-01-27 v1.10 Color options for hyperref/bookmark (HO)
)
(C:\Users\PROYECTO\AppData\Local\Programs\MiKTeX\tex/latex/hyperref\nameref.sty
Package: nameref 2023-11-26 v2.56 Cross-referencing by name of section

(C:\Users\PROYECTO\AppData\Local\Programs\MiKTeX\tex/latex/refcount\refcount.st
y
Package: refcount 2019/12/15 v3.6 Data extraction from label references (HO)
)
(C:\Users\PROYECTO\AppData\Local\Programs\MiKTeX\tex/generic/gettitlestring\get
titlestring.sty
Package: gettitlestring 2019/12/15 v1.6 Cleanup title references (HO)

(C:\Users\PROYECTO\AppData\Local\Programs\MiKTeX\tex/latex/kvoptions\kvoptions.
sty
Package: kvoptions 2022-06-15 v3.15 Key value format for package options (HO)
))
\c@section@level=\count309
)
(C:\Users\PROYECTO\AppData\Local\Programs\MiKTeX\tex/generic/stringenc\stringen
c.sty
Package: stringenc 2019/11/29 v1.12 Convert strings between diff. encodings (HO
)
)
\@linkdim=\dimen268
\Hy@linkcounter=\count310
\Hy@pagecounter=\count311
(C:\Users\PROYECTO\AppData\Local\Programs\MiKTeX\tex/latex/hyperref\pd1enc.def
File: pd1enc.def 2024-11-05 v7.01l Hyperref: PDFDocEncoding definition (HO)
Now handling font encoding PD1 ...
... no UTF-8 mapping file for font encoding PD1
)
(C:\Users\PROYECTO\AppData\Local\Programs\MiKTeX\tex/generic/intcalc\intcalc.st
y
Package: intcalc 2019/12/15 v1.3 Expandable calculations with integers (HO)
)
\Hy@SavedSpaceFactor=\count312
(C:\Users\PROYECTO\AppData\Local\Programs\MiKTeX\tex/latex/hyperref\puenc.def
File: puenc.def 2024-11-05 v7.01l Hyperref: PDF Unicode definition (HO)
Now handling font encoding PU ...
... no UTF-8 mapping file for font encoding PU
)
Package hyperref Info: Option `bookmarks' set `true' on input line 4040.
Package hyperref Info: Option `bookmarksopen' set `true' on input line 4040.
Package hyperref Info: Option `implicit' set `false' on input line 4040.
Package hyperref Info: Hyper figures OFF on input line 4157.
Package hyperref Info: Link nesting OFF on input line 4162.
Package hyperref Info: Hyper index ON on input line 4165.
Package hyperref Info: Plain pages OFF on input line 4172.
Package hyperref Info: Backreferencing OFF on input line 4177.
Package hyperref Info: Implicit mode OFF; no redefinition of LaTeX internals.
Package hyperref Info: Bookmarks ON on input line 4424.
\c@Hy@tempcnt=\count313
(C:\Users\PROYECTO\AppData\Local\Programs\MiKTeX\tex/latex/url\url.sty
\Urlmuskip=\muskip17
Package: url 2013/09/16  ver 3.4  Verb mode for urls, etc.
)
LaTeX Info: Redefining \url on input line 4763.
\XeTeXLinkMargin=\dimen269
(C:\Users\PROYECTO\AppData\Local\Programs\MiKTeX\tex/generic/bitset\bitset.sty
Package: bitset 2019/12/09 v1.3 Handle bit-vector datatype (HO)

(C:\Users\PROYECTO\AppData\Local\Programs\MiKTeX\tex/generic/bigintcalc\bigintc
alc.sty
Package: bigintcalc 2019/12/15 v1.5 Expandable calculations on big integers (HO
)
))
\Fld@menulength=\count314
\Field@Width=\dimen270
\Fld@charsize=\dimen271
Package hyperref Info: Hyper figures OFF on input line 6042.
Package hyperref Info: Link nesting OFF on input line 6047.
Package hyperref Info: Hyper index ON on input line 6050.
Package hyperref Info: backreferencing OFF on input line 6057.
Package hyperref Info: Link coloring OFF on input line 6062.
Package hyperref Info: Link coloring with OCG OFF on input line 6067.
Package hyperref Info: PDF/A mode OFF on input line 6072.
\Hy@abspage=\count315

Package hyperref Message: Stopped early.

)
Package hyperref Info: Driver (autodetected): hpdftex.

(C:\Users\PROYECTO\AppData\Local\Programs\MiKTeX\tex/latex/hyperref\hpdftex.def
File: hpdftex.def 2024-11-05 v7.01l Hyperref driver for pdfTeX

(C:\Users\PROYECTO\AppData\Local\Programs\MiKTeX\tex/latex/base\atveryend-ltx.s
ty
Package: atveryend-ltx 2020/08/19 v1.0a Emulation of the original atveryend pac
kage
with kernel methods
)
\Fld@listcount=\count316
\c@bookmark@seq@number=\count317

(C:\Users\PROYECTO\AppData\Local\Programs\MiKTeX\tex/latex/rerunfilecheck\rerun
filecheck.sty
Package: rerunfilecheck 2025-06-21 v1.11 Rerun checks for auxiliary files (HO)

(C:\Users\PROYECTO\AppData\Local\Programs\MiKTeX\tex/generic/uniquecounter\uniq
uecounter.sty
Package: uniquecounter 2019/12/15 v1.4 Provide unlimited unique counter (HO)
)
Package uniquecounter Info: New unique counter `rerunfilecheck' on input line 2
84.
))
(C:\Users\PROYECTO\AppData\Local\Programs\MiKTeX\tex/latex/beamer\beamerbasereq
uires.sty
(C:\Users\PROYECTO\AppData\Local\Programs\MiKTeX\tex/latex/beamer\beamerbasecom
patibility.sty)
(C:\Users\PROYECTO\AppData\Local\Programs\MiKTeX\tex/latex/beamer\beamerbasefon
t.sty
(C:\Users\PROYECTO\AppData\Local\Programs\MiKTeX\tex/latex/amsfonts\amssymb.sty
Package: amssymb 2013/01/14 v3.01 AMS font symbols

(C:\Users\PROYECTO\AppData\Local\Programs\MiKTeX\tex/latex/amsfonts\amsfonts.st
y
Package: amsfonts 2013/01/14 v3.01 Basic AMSFonts support
\@emptytoks=\toks29
\symAMSa=\mathgroup4
\symAMSb=\mathgroup5
LaTeX Font Info:    Redeclaring math symbol \hbar on input line 98.
LaTeX Font Info:    Overwriting math alphabet `\mathfrak' in version `bold'
(Font)                  U/euf/m/n --> U/euf/b/n on input line 106.
))
(C:\Users\PROYECTO\AppData\Local\Programs\MiKTeX\tex/latex/sansmathaccent\sansm
athaccent.sty
Package: sansmathaccent 2020/01/31

(C:\Users\PROYECTO\AppData\Local\Programs\MiKTeX\tex/latex/koma-script\scrlfile
.sty
Package: scrlfile 2026/02/02 v3.49.2 KOMA-Script package (file load hooks)

(C:\Users\PROYECTO\AppData\Local\Programs\MiKTeX\tex/latex/koma-script\scrlfile
-hook.sty
Package: scrlfile-hook 2026/02/02 v3.49.2 KOMA-Script package (using LaTeX hook
s)

(C:\Users\PROYECTO\AppData\Local\Programs\MiKTeX\tex/latex/koma-script\scrlogo.
sty
Package: scrlogo 2026/02/02 v3.49.2 KOMA-Script package (logo)
)))))
(C:\Users\PROYECTO\AppData\Local\Programs\MiKTeX\tex/latex/beamer\beamerbasetra
nslator.sty
(C:\Users\PROYECTO\AppData\Local\Programs\MiKTeX\tex/latex/translator\translato
r.sty
Package: translator 2021-05-31 v1.12d Easy translation of strings in LaTeX
))
(C:\Users\PROYECTO\AppData\Local\Programs\MiKTeX\tex/latex/beamer\beamerbasemis
c.sty)
(C:\Users\PROYECTO\AppData\Local\Programs\MiKTeX\tex/latex/beamer\beamerbasetwo
screens.sty)
(C:\Users\PROYECTO\AppData\Local\Programs\MiKTeX\tex/latex/beamer\beamerbaseove
rlay.sty
\beamer@argscount=\count318
\beamer@lastskipcover=\skip52
\beamer@trivlistdepth=\count319
)
(C:\Users\PROYECTO\AppData\Local\Programs\MiKTeX\tex/latex/beamer\beamerbasetit
le.sty)
(C:\Users\PROYECTO\AppData\Local\Programs\MiKTeX\tex/latex/beamer\beamerbasesec
tion.sty
\c@lecture=\count320
\c@part=\count321
\c@section=\count322
\c@subsection=\count323
\c@subsubsection=\count324
)
(C:\Users\PROYECTO\AppData\Local\Programs\MiKTeX\tex/latex/beamer\beamerbasefra
me.sty
\beamer@framebox=\box67
\beamer@frametitlebox=\box68
\beamer@zoombox=\box69
\beamer@zoomcount=\count325
\beamer@zoomframecount=\count326
\beamer@frametextheight=\dimen272
\c@subsectionslide=\count327
\beamer@frametopskip=\skip53
\beamer@framebottomskip=\skip54
\beamer@frametopskipautobreak=\skip55
\beamer@framebottomskipautobreak=\skip56
\beamer@envbody=\toks30
\framewidth=\dimen273
\c@framenumber=\count328
)
(C:\Users\PROYECTO\AppData\Local\Programs\MiKTeX\tex/latex/beamer\beamerbasever
batim.sty
\beamer@verbatimfileout=\write4
)
(C:\Users\PROYECTO\AppData\Local\Programs\MiKTeX\tex/latex/beamer\beamerbasefra
mesize.sty
\beamer@splitbox=\box70
\beamer@autobreakcount=\count329
\beamer@autobreaklastheight=\dimen274
\beamer@frametitletoks=\toks31
\beamer@framesubtitletoks=\toks32
)
(C:\Users\PROYECTO\AppData\Local\Programs\MiKTeX\tex/latex/beamer\beamerbasefra
mecomponents.sty
\beamer@colheight=\skip57
\beamer@footins=\box71
)
(C:\Users\PROYECTO\AppData\Local\Programs\MiKTeX\tex/latex/beamer\beamerbasecol
or.sty)
(C:\Users\PROYECTO\AppData\Local\Programs\MiKTeX\tex/latex/beamer\beamerbasenot
es.sty
\beamer@frameboxcopy=\box72
)
(C:\Users\PROYECTO\AppData\Local\Programs\MiKTeX\tex/latex/beamer\beamerbasetoc
.sty)
(C:\Users\PROYECTO\AppData\Local\Programs\MiKTeX\tex/latex/beamer\beamerbasetem
plates.sty
\beamer@sbttoks=\toks33

(C:\Users\PROYECTO\AppData\Local\Programs\MiKTeX\tex/latex/beamer\beamerbaseaux
templates.sty
(C:\Users\PROYECTO\AppData\Local\Programs\MiKTeX\tex/latex/beamer\beamerbasebox
es.sty
\bmb@box=\box73
\bmb@colorbox=\box74
\bmb@boxwidth=\dimen275
\bmb@boxheight=\dimen276
\bmb@prevheight=\dimen277
\bmb@temp=\dimen278
\bmb@dima=\dimen279
\bmb@dimb=\dimen280
\bmb@prevheight=\dimen281
)
\beamer@blockheadheight=\dimen282
))
(C:\Users\PROYECTO\AppData\Local\Programs\MiKTeX\tex/latex/beamer\beamerbaseloc
alstructure.sty (C:\Users\PROYECTO\AppData\Local\Programs\MiKTeX\tex/latex/tool
s\enumerate.sty
Package: enumerate 2023/07/04 v3.00 enumerate extensions (DPC)
\@enLab=\toks34
)
\beamer@bibiconwidth=\skip58
\c@figure=\count330
\c@table=\count331
\abovecaptionskip=\skip59
\belowcaptionskip=\skip60
)
(C:\Users\PROYECTO\AppData\Local\Programs\MiKTeX\tex/latex/beamer\beamerbasenav
igation.sty
(C:\Users\PROYECTO\AppData\Local\Programs\MiKTeX\tex/latex/beamer\beamerbasenav
igationsymbols.tex)
\beamer@section@min@dim=\dimen283
)
(C:\Users\PROYECTO\AppData\Local\Programs\MiKTeX\tex/latex/beamer\beamerbasethe
orems.sty (C:\Users\PROYECTO\AppData\Local\Programs\MiKTeX\tex/latex/amsmath\am
smath.sty
Package: amsmath 2024/11/05 v2.17t AMS math features
\@mathmargin=\skip61
For additional information on amsmath, use the `?' option.
(C:\Users\PROYECTO\AppData\Local\Programs\MiKTeX\tex/latex/amsmath\amstext.sty
Package: amstext 2021/08/26 v2.01 AMS text
(C:\Users\PROYECTO\AppData\Local\Programs\MiKTeX\tex/latex/amsmath\amsgen.sty
File: amsgen.sty 1999/11/30 v2.0 generic functions
\@emptytoks=\toks35
\ex@=\dimen284
)) (C:\Users\PROYECTO\AppData\Local\Programs\MiKTeX\tex/latex/amsmath\amsbsy.st
y
Package: amsbsy 1999/11/29 v1.2d Bold Symbols
\pmbraise@=\dimen285
) (C:\Users\PROYECTO\AppData\Local\Programs\MiKTeX\tex/latex/amsmath\amsopn.sty
Package: amsopn 2022/04/08 v2.04 operator names
)
\inf@bad=\count332
LaTeX Info: Redefining \frac on input line 233.
\uproot@=\count333
\leftroot@=\count334
LaTeX Info: Redefining \overline on input line 398.
LaTeX Info: Redefining \colon on input line 409.
\classnum@=\count335
\DOTSCASE@=\count336
LaTeX Info: Redefining \ldots on input line 495.
LaTeX Info: Redefining \dots on input line 498.
LaTeX Info: Redefining \cdots on input line 619.
\Mathstrutbox@=\box75
\strutbox@=\box76
LaTeX Info: Redefining \big on input line 721.
LaTeX Info: Redefining \Big on input line 722.
LaTeX Info: Redefining \bigg on input line 723.
LaTeX Info: Redefining \Bigg on input line 724.
\big@size=\dimen286
LaTeX Font Info:    Redeclaring font encoding OML on input line 742.
LaTeX Font Info:    Redeclaring font encoding OMS on input line 743.
\macc@depth=\count337
LaTeX Info: Redefining \bmod on input line 904.
LaTeX Info: Redefining \pmod on input line 909.
LaTeX Info: Redefining \smash on input line 939.
LaTeX Info: Redefining \relbar on input line 969.
LaTeX Info: Redefining \Relbar on input line 970.
\c@MaxMatrixCols=\count338
\dotsspace@=\muskip18
\c@parentequation=\count339
\dspbrk@lvl=\count340
\tag@help=\toks36
\row@=\count341
\column@=\count342
\maxfields@=\count343
\andhelp@=\toks37
\eqnshift@=\dimen287
\alignsep@=\dimen288
\tagshift@=\dimen289
\tagwidth@=\dimen290
\totwidth@=\dimen291
\lineht@=\dimen292
\@envbody=\toks38
\multlinegap=\skip62
\multlinetaggap=\skip63
\mathdisplay@stack=\toks39
LaTeX Info: Redefining \[ on input line 2953.
LaTeX Info: Redefining \] on input line 2954.
) (C:\Users\PROYECTO\AppData\Local\Programs\MiKTeX\tex/latex/amscls\amsthm.sty
Package: amsthm 2020/05/29 v2.20.6
\thm@style=\toks40
\thm@bodyfont=\toks41
\thm@headfont=\toks42
\thm@notefont=\toks43
\thm@headpunct=\toks44
\thm@preskip=\skip64
\thm@postskip=\skip65
\thm@headsep=\skip66
\dth@everypar=\toks45
)
\c@theorem=\count344
)
(C:\Users\PROYECTO\AppData\Local\Programs\MiKTeX\tex/latex/beamer\beamerbasethe
mes.sty))
(C:\Users\PROYECTO\AppData\Local\Programs\MiKTeX\tex/latex/beamer\beamerthemede
fault.sty
(C:\Users\PROYECTO\AppData\Local\Programs\MiKTeX\tex/latex/beamer\beamerfontthe
medefault.sty)
(C:\Users\PROYECTO\AppData\Local\Programs\MiKTeX\tex/latex/beamer\beamercolorth
emedefault.sty)
(C:\Users\PROYECTO\AppData\Local\Programs\MiKTeX\tex/latex/beamer\beamerinnerth
emedefault.sty
\beamer@dima=\dimen293
\beamer@dimb=\dimen294
)
(C:\Users\PROYECTO\AppData\Local\Programs\MiKTeX\tex/latex/beamer\beamerouterth
emedefault.sty))) (C:\Users\PROYECTO\AppData\Local\Programs\MiKTeX\tex/latex/ps
nfss\mathptmx.sty
Package: mathptmx 2020/03/25 PSNFSS-v9.3 Times w/ Math, improved (SPQR, WaS) 
LaTeX Font Info:    Redeclaring symbol font `operators' on input line 28.
LaTeX Font Info:    Overwriting symbol font `operators' in version `normal'
(Font)                  OT1/cmr/m/n --> OT1/ztmcm/m/n on input line 28.
LaTeX Font Info:    Overwriting symbol font `operators' in version `bold'
(Font)                  OT1/cmr/bx/n --> OT1/ztmcm/m/n on input line 28.
LaTeX Font Info:    Redeclaring symbol font `letters' on input line 29.
LaTeX Font Info:    Overwriting symbol font `letters' in version `normal'
(Font)                  OML/cmm/m/it --> OML/ztmcm/m/it on input line 29.
LaTeX Font Info:    Overwriting symbol font `letters' in version `bold'
(Font)                  OML/cmm/b/it --> OML/ztmcm/m/it on input line 29.
LaTeX Font Info:    Redeclaring symbol font `symbols' on input line 30.
LaTeX Font Info:    Overwriting symbol font `symbols' in version `normal'
(Font)                  OMS/cmsy/m/n --> OMS/ztmcm/m/n on input line 30.
LaTeX Font Info:    Overwriting symbol font `symbols' in version `bold'
(Font)                  OMS/cmsy/b/n --> OMS/ztmcm/m/n on input line 30.
LaTeX Font Info:    Redeclaring symbol font `largesymbols' on input line 31.
LaTeX Font Info:    Overwriting symbol font `largesymbols' in version `normal'
(Font)                  OMX/cmex/m/n --> OMX/ztmcm/m/n on input line 31.
LaTeX Font Info:    Overwriting symbol font `largesymbols' in version `bold'
(Font)                  OMX/cmex/m/n --> OMX/ztmcm/m/n on input line 31.
\symbold=\mathgroup6
\symitalic=\mathgroup7
LaTeX Font Info:    Redeclaring math alphabet \mathbf on input line 34.
LaTeX Font Info:    Overwriting math alphabet `\mathbf' in version `normal'
(Font)                  OT1/cmr/bx/n --> OT1/ptm/bx/n on input line 34.
LaTeX Font Info:    Overwriting math alphabet `\mathbf' in version `bold'
(Font)                  OT1/cmr/bx/n --> OT1/ptm/bx/n on input line 34.
LaTeX Font Info:    Redeclaring math alphabet \mathit on input line 35.
LaTeX Font Info:    Overwriting math alphabet `\mathit' in version `normal'
(Font)                  OT1/cmr/m/it --> OT1/ptm/m/it on input line 35.
LaTeX Font Info:    Overwriting math alphabet `\mathit' in version `bold'
(Font)                  OT1/cmr/bx/it --> OT1/ptm/m/it on input line 35.
LaTeX Info: Redefining \hbar on input line 50.
) (C:\Users\PROYECTO\AppData\Local\Programs\MiKTeX\tex/latex/base\fontenc.sty
Package: fontenc 2021/04/29 v2.0v Standard LaTeX package
) (C:\Users\PROYECTO\AppData\Local\Programs\MiKTeX\tex/latex/base\inputenc.sty
Package: inputenc 2024/02/08 v1.3d Input encoding file
\inpenc@prehook=\toks46
\inpenc@posthook=\toks47
) (C:\Users\PROYECTO\AppData\Local\Programs\MiKTeX\tex/latex/natbib\natbib.sty
Package: natbib 2010/09/13 8.31b (PWD, AO)
\bibhang=\skip67
\bibsep=\skip68
LaTeX Info: Redefining \cite on input line 694.
\c@NAT@ctr=\count345
)
(C:\Users\PROYECTO\AppData\Local\Programs\MiKTeX\tex/latex/beamer\beamerfontthe
meserif.sty) (C:\Users\PROYECTO\AppData\Local\Programs\MiKTeX\tex/latex/psnfss\
times.sty
Package: times 2020/03/25 PSNFSS-v9.3 (SPQR) 
) (C:\Users\PROYECTO\AppData\Local\Programs\MiKTeX\tex/latex/tools\array.sty
Package: array 2024/10/17 v2.6g Tabular extension package (FMi)
\col@sep=\dimen295
\ar@mcellbox=\box77
\extrarowheight=\dimen296
\NC@list=\toks48
\extratabsurround=\skip69
\backup@length=\skip70
\ar@cellbox=\box78
) (C:\Users\PROYECTO\AppData\Local\Programs\MiKTeX\tex/latex/tools\multicol.sty
Package: multicol 2024/09/14 v1.9i multicolumn formatting (FMi)
\c@tracingmulticols=\count346
\mult@box=\box79
\multicol@leftmargin=\dimen297
\c@unbalance=\count347
\c@collectmore=\count348
\doublecol@number=\count349
\multicoltolerance=\count350
\multicolpretolerance=\count351
\full@width=\dimen298
\page@free=\dimen299
\premulticols=\dimen300
\postmulticols=\dimen301
\multicolsep=\skip71
\multicolbaselineskip=\skip72
\partial@page=\box80
\last@line=\box81
\mc@boxedresult=\box82
\maxbalancingoverflow=\dimen302
\mult@rightbox=\box83
\mult@grightbox=\box84
\mult@firstbox=\box85
\mult@gfirstbox=\box86
\@tempa=\box87
\@tempa=\box88
\@tempa=\box89
\@tempa=\box90
\@tempa=\box91
\@tempa=\box92
\@tempa=\box93
\@tempa=\box94
\@tempa=\box95
\@tempa=\box96
\@tempa=\box97
\@tempa=\box98
\@tempa=\box99
\@tempa=\box100
\@tempa=\box101
\@tempa=\box102
\@tempa=\box103
\@tempa=\box104
\@tempa=\box105
\@tempa=\box106
\@tempa=\box107
\@tempa=\box108
\@tempa=\box109
\@tempa=\box110
\@tempa=\box111
\@tempa=\box112
\@tempa=\box113
\@tempa=\box114
\@tempa=\box115
\@tempa=\box116
\@tempa=\box117
\@tempa=\box118
\@tempa=\box119
\@tempa=\box120
\@tempa=\box121
\@tempa=\box122
\c@minrows=\count352
\c@columnbadness=\count353
\c@finalcolumnbadness=\count354
\last@try=\dimen303
\multicolovershoot=\dimen304
\multicolundershoot=\dimen305
\mult@nat@firstbox=\box123
\colbreak@box=\box124
\mc@col@check@num=\count355
) (C:\Users\PROYECTO\AppData\Local\Programs\MiKTeX\tex/latex/tools\longtable.st
y
Package: longtable 2024-10-27 v4.22 Multi-page Table package (DPC)
\LTleft=\skip73
\LTright=\skip74
\LTpre=\skip75
\LTpost=\skip76
\LTchunksize=\count356
\LTcapwidth=\dimen306
\LT@head=\box125
\LT@firsthead=\box126
\LT@foot=\box127
\LT@lastfoot=\box128
\LT@gbox=\box129
\LT@cols=\count357
\LT@rows=\count358
\c@LT@tables=\count359
\c@LT@chunks=\count360
\LT@p@ftn=\toks49
) (C:\Users\PROYECTO\AppData\Local\Programs\MiKTeX\tex/latex/float\float.sty
Package: float 2001/11/08 v1.3d Float enhancements (AL)
\c@float@type=\count361
\float@exts=\toks50
\float@box=\box130
\@float@everytoks=\toks51
\@floatcapt=\box131
)
(C:\Users\PROYECTO\AppData\Local\Programs\MiKTeX\tex/latex/colortbl\colortbl.st
y
Package: colortbl 2024/10/29 v1.0k Color table columns (DPC)
\everycr=\toks52
\minrowclearance=\skip77
\rownum=\count362
)
(C:\Users\PROYECTO\AppData\Local\Programs\MiKTeX\tex/latex/booktabs\booktabs.st
y
Package: booktabs 2020/01/12 v1.61803398 Publication quality tables
\heavyrulewidth=\dimen307
\lightrulewidth=\dimen308
\cmidrulewidth=\dimen309
\belowrulesep=\dimen310
\belowbottomsep=\dimen311
\aboverulesep=\dimen312
\abovetopsep=\dimen313
\cmidrulesep=\dimen314
\cmidrulekern=\dimen315
\defaultaddspace=\dimen316
\@cmidla=\count363
\@cmidlb=\count364
\@aboverulesep=\dimen317
\@belowrulesep=\dimen318
\@thisruleclass=\count365
\@lastruleclass=\count366
\@thisrulewidth=\dimen319
) (C:/PROGRA~1/R/R-45~1.2/share/texmf/tex/latex\Sweave.sty
Package: Sweave 
(C:\Users\PROYECTO\AppData\Local\Programs\MiKTeX\tex/latex/base\ifthen.sty
Package: ifthen 2024/03/16 v1.1e Standard LaTeX ifthen package (DPC)
)
(C:\Users\PROYECTO\AppData\Local\Programs\MiKTeX\tex/latex/fancyvrb\fancyvrb.st
y
Package: fancyvrb 2025/07/28 4.6 verbatim text (tvz,hv)
\FV@CodeLineNo=\count367
\FV@InFile=\read3
\FV@TabBox=\box132
\c@FancyVerbLine=\count368
\FV@StepNumber=\count369
\FV@OutFile=\write5
) (C:\Users\PROYECTO\AppData\Local\Programs\MiKTeX\tex/latex/base\textcomp.sty
Package: textcomp 2024/04/24 v2.1b Standard LaTeX package
) (C:\Users\PROYECTO\AppData\Local\Programs\MiKTeX\tex/latex/base\fontenc.sty
Package: fontenc 2021/04/29 v2.0v Standard LaTeX package
LaTeX Font Info:    Trying to load font information for T1+phv on input line 11
6.
(C:\Users\PROYECTO\AppData\Local\Programs\MiKTeX\tex/latex/psnfss\t1phv.fd
File: t1phv.fd 2020/03/25 scalable font definitions for T1/phv.
)))
(C:\Users\PROYECTO\AppData\Local\Programs\MiKTeX\tex/latex/graphics\rotating.st
y
Package: rotating 2016/08/11 v2.16d rotated objects in LaTeX
\c@r@tfl@t=\count370
\rotFPtop=\skip78
\rotFPbot=\skip79
\rot@float@box=\box133
\rot@mess@toks=\toks53
)
(C:\Users\PROYECTO\AppData\Local\Programs\MiKTeX\tex/latex/caption\subcaption.s
ty
Package: subcaption 2023/07/28 v1.6b Sub-captions (AR)
(C:\Users\PROYECTO\AppData\Local\Programs\MiKTeX\tex/latex/caption\caption.sty
Package: caption 2023/08/05 v3.6o Customizing captions (AR)

(C:\Users\PROYECTO\AppData\Local\Programs\MiKTeX\tex/latex/caption\caption3.sty
Package: caption3 2023/07/31 v2.4d caption3 kernel (AR)
\caption@tempdima=\dimen320
\captionmargin=\dimen321
\caption@leftmargin=\dimen322
\caption@rightmargin=\dimen323
\caption@width=\dimen324
\caption@indent=\dimen325
\caption@parindent=\dimen326
\caption@hangindent=\dimen327
Package caption Info: beamer document class detected.

(C:\Users\PROYECTO\AppData\Local\Programs\MiKTeX\tex/latex/caption\caption-beam
er.sto
File: caption-beamer.sto 2022/01/06 v2.0c Adaption of the caption package to th
e beamer document classes (AR)
))
\c@caption@flags=\count371
\c@continuedfloat=\count372
Package caption Info: float package is loaded.
Package caption Info: hyperref package is loaded.
Package caption Info: Hyperref support is turned off
(caption)             because hyperref has stopped early.
Package caption Info: longtable package is loaded.

(C:\Users\PROYECTO\AppData\Local\Programs\MiKTeX\tex/latex/caption\ltcaption.st
y
Package: ltcaption 2021/01/08 v1.4c longtable captions (AR)
)
Package caption Info: rotating package is loaded.
)
Package caption Info: New subtype `subfigure' on input line 238.
\c@subfigure=\count373
Package caption Info: New subtype `subtable' on input line 238.
\c@subtable=\count374
)
(C:\Users\PROYECTO\AppData\Local\Programs\MiKTeX\tex/latex/beamer\beamerthemeWa
rsaw.sty
(C:\Users\PROYECTO\AppData\Local\Programs\MiKTeX\tex/latex/beamer\beamerinnerth
emerounded.sty)
(C:\Users\PROYECTO\AppData\Local\Programs\MiKTeX\tex/latex/beamer\beamerouterth
emeshadow.sty
(C:\Users\PROYECTO\AppData\Local\Programs\MiKTeX\tex/latex/beamer\beamerouterth
emesplit.sty))
(C:\Users\PROYECTO\AppData\Local\Programs\MiKTeX\tex/latex/beamer\beamercolorth
emeorchid.sty)
(C:\Users\PROYECTO\AppData\Local\Programs\MiKTeX\tex/latex/beamer\beamercolorth
emewhale.sty)) (C:\Users\PROYECTO\AppData\Local\Programs\MiKTeX\tex/latex/base\
fontenc.sty
Package: fontenc 2021/04/29 v2.0v Standard LaTeX package
)
(C:\Users\PROYECTO\AppData\Local\Programs\MiKTeX\tex/latex/listings\listings.st
y
\lst@mode=\count375
\lst@gtempboxa=\box134
\lst@token=\toks54
\lst@length=\count376
\lst@currlwidth=\dimen328
\lst@column=\count377
\lst@pos=\count378
\lst@lostspace=\dimen329
\lst@width=\dimen330
\lst@newlines=\count379
\lst@lineno=\count380
\lst@maxwidth=\dimen331

(C:\Users\PROYECTO\AppData\Local\Programs\MiKTeX\tex/latex/listings\lstpatch.st
y
File: lstpatch.sty 2024/09/23 1.10c (Carsten Heinz)
)
(C:\Users\PROYECTO\AppData\Local\Programs\MiKTeX\tex/latex/listings\lstmisc.sty
File: lstmisc.sty 2024/09/23 1.10c (Carsten Heinz)
\c@lstnumber=\count381
\lst@skipnumbers=\count382
\lst@framebox=\box135
)
(C:\Users\PROYECTO\AppData\Local\Programs\MiKTeX\tex/latex/listings\listings.cf
g
File: listings.cfg 2024/09/23 1.10c listings configuration
))
Package: listings 2024/09/23 1.10c (Carsten Heinz)

(C:\Users\PROYECTO\AppData\Local\Programs\MiKTeX\tex/latex/l3backend\l3backend-
pdftex.def
File: l3backend-pdftex.def 2024-05-08 L3 backend support: PDF output (pdfTeX)
\l__color_backend_stack_int=\count383
\l__pdf_internal_box=\box136
) (2_medidas_descriptivas_multivariadas.aux

LaTeX Warning: Label `CLineal' multiply defined.


LaTeX Warning: Label `ec:CoLin' multiply defined.


LaTeX Warning: Label `TDespectr1' multiply defined.


LaTeX Warning: Label `fig:idiCiudadesl' multiply defined.

)
\openout1 = `2_medidas_descriptivas_multivariadas.aux'.

LaTeX Font Info:    Checking defaults for OML/cmm/m/it on input line 68.
LaTeX Font Info:    ... okay on input line 68.
LaTeX Font Info:    Checking defaults for OMS/cmsy/m/n on input line 68.
LaTeX Font Info:    ... okay on input line 68.
LaTeX Font Info:    Checking defaults for OT1/cmr/m/n on input line 68.
LaTeX Font Info:    ... okay on input line 68.
LaTeX Font Info:    Checking defaults for T1/cmr/m/n on input line 68.
LaTeX Font Info:    ... okay on input line 68.
LaTeX Font Info:    Checking defaults for TS1/cmr/m/n on input line 68.
LaTeX Font Info:    ... okay on input line 68.
LaTeX Font Info:    Checking defaults for OMX/cmex/m/n on input line 68.
LaTeX Font Info:    ... okay on input line 68.
LaTeX Font Info:    Checking defaults for U/cmr/m/n on input line 68.
LaTeX Font Info:    ... okay on input line 68.
LaTeX Font Info:    Checking defaults for PD1/pdf/m/n on input line 68.
LaTeX Font Info:    ... okay on input line 68.
LaTeX Font Info:    Checking defaults for PU/pdf/m/n on input line 68.
LaTeX Font Info:    ... okay on input line 68.
*geometry* driver: auto-detecting
*geometry* detected driver: pdftex
*geometry* verbose mode - [ preamble ] result:
* driver: pdftex
* paper: custom
* layout: <same size as paper>
* layoutoffset:(h,v)=(0.0pt,0.0pt)
* modes: includehead includefoot 
* h-part:(L,W,R)=(28.45274pt, 307.28987pt, 28.45274pt)
* v-part:(T,H,B)=(0.0pt, 273.14662pt, 0.0pt)
* \paperwidth=364.19536pt
* \paperheight=273.14662pt
* \textwidth=307.28987pt
* \textheight=244.6939pt
* \oddsidemargin=-43.81725pt
* \evensidemargin=-43.81725pt
* \topmargin=-72.26999pt
* \headheight=14.22636pt
* \headsep=0.0pt
* \topskip=11.0pt
* \footskip=14.22636pt
* \marginparwidth=4.0pt
* \marginparsep=10.0pt
* \columnsep=10.0pt
* \skip\footins=10.0pt plus 4.0pt minus 2.0pt
* \hoffset=0.0pt
* \voffset=0.0pt
* \mag=1000
* \@twocolumnfalse
* \@twosidefalse
* \@mparswitchfalse
* \@reversemarginfalse
* (1in=72.27pt=25.4mm, 1cm=28.453pt)


(C:\Users\PROYECTO\AppData\Local\Programs\MiKTeX\tex/context/base/mkii\supp-pdf
.mkii
[Loading MPS to PDF converter (version 2006.09.02).]
\scratchcounter=\count384
\scratchdimen=\dimen332
\scratchbox=\box137
\nofMPsegments=\count385
\nofMParguments=\count386
\everyMPshowfont=\toks55
\MPscratchCnt=\count387
\MPscratchDim=\dimen333
\MPnumerator=\count388
\makeMPintoPDFobject=\count389
\everyMPtoPDFconversion=\toks56
)
(C:\Users\PROYECTO\AppData\Local\Programs\MiKTeX\tex/latex/epstopdf-pkg\epstopd
f-base.sty
Package: epstopdf-base 2020-01-24 v2.11 Base part for package epstopdf
Package epstopdf-base Info: Redefining graphics rule for `.eps' on input line 4
85.

(C:\Users\PROYECTO\AppData\Local\Programs\MiKTeX\tex/latex/00miktex\epstopdf-sy
s.cfg
File: epstopdf-sys.cfg 2021/03/18 v2.0 Configuration of epstopdf for MiKTeX
))
Package hyperref Info: Link coloring OFF on input line 68.
(2_medidas_descriptivas_multivariadas.out) (2_medidas_descriptivas_multivariada
s.out)
\@outlinefile=\write6
\openout6 = `2_medidas_descriptivas_multivariadas.out'.

\symnumbers=\mathgroup8
\sympureletters=\mathgroup9
LaTeX Font Info:    Overwriting math alphabet `\mathrm' in version `normal'
(Font)                  OT1/ztmcm/m/n --> T1/ptm/m/n on input line 68.
LaTeX Font Info:    Redeclaring math alphabet \mathbf on input line 68.
LaTeX Font Info:    Overwriting math alphabet `\mathbf' in version `normal'
(Font)                  OT1/ptm/bx/n --> T1/ptm/b/n on input line 68.
LaTeX Font Info:    Overwriting math alphabet `\mathbf' in version `bold'
(Font)                  OT1/ptm/bx/n --> T1/ptm/b/n on input line 68.
LaTeX Font Info:    Redeclaring math alphabet \mathsf on input line 68.
LaTeX Font Info:    Overwriting math alphabet `\mathsf' in version `normal'
(Font)                  OT1/cmss/m/n --> T1/phv/m/n on input line 68.
LaTeX Font Info:    Overwriting math alphabet `\mathsf' in version `bold'
(Font)                  OT1/cmss/bx/n --> T1/phv/m/n on input line 68.
LaTeX Font Info:    Redeclaring math alphabet \mathit on input line 68.
LaTeX Font Info:    Overwriting math alphabet `\mathit' in version `normal'
(Font)                  OT1/ptm/m/it --> T1/ptm/m/it on input line 68.
LaTeX Font Info:    Overwriting math alphabet `\mathit' in version `bold'
(Font)                  OT1/ptm/m/it --> T1/ptm/m/it on input line 68.
LaTeX Font Info:    Redeclaring math alphabet \mathtt on input line 68.
LaTeX Font Info:    Overwriting math alphabet `\mathtt' in version `normal'
(Font)                  OT1/cmtt/m/n --> T1/pcr/m/n on input line 68.
LaTeX Font Info:    Overwriting math alphabet `\mathtt' in version `bold'
(Font)                  OT1/cmtt/m/n --> T1/pcr/m/n on input line 68.
LaTeX Font Info:    Overwriting symbol font `numbers' in version `bold'
(Font)                  T1/ptm/m/n --> T1/ptm/b/n on input line 68.
LaTeX Font Info:    Overwriting symbol font `pureletters' in version `bold'
(Font)                  T1/ptm/m/it --> T1/ptm/b/it on input line 68.
LaTeX Font Info:    Overwriting math alphabet `\mathrm' in version `bold'
(Font)                  OT1/ztmcm/m/n --> T1/ptm/b/n on input line 68.
LaTeX Font Info:    Overwriting math alphabet `\mathbf' in version `bold'
(Font)                  T1/ptm/b/n --> T1/ptm/b/n on input line 68.
LaTeX Font Info:    Overwriting math alphabet `\mathsf' in version `bold'
(Font)                  T1/phv/m/n --> T1/phv/b/n on input line 68.
LaTeX Font Info:    Overwriting math alphabet `\mathit' in version `bold'
(Font)                  T1/ptm/m/it --> T1/ptm/b/it on input line 68.
LaTeX Font Info:    Overwriting math alphabet `\mathtt' in version `bold'
(Font)                  T1/pcr/m/n --> T1/pcr/b/n on input line 68.

(C:\Users\PROYECTO\AppData\Local\Programs\MiKTeX\tex/latex/translator\translato
r-basic-dictionary-English.dict
Dictionary: translator-basic-dictionary, Language: English 
)
(C:\Users\PROYECTO\AppData\Local\Programs\MiKTeX\tex/latex/translator\translato
r-bibliography-dictionary-English.dict
Dictionary: translator-bibliography-dictionary, Language: English 
)
(C:\Users\PROYECTO\AppData\Local\Programs\MiKTeX\tex/latex/translator\translato
r-environment-dictionary-English.dict
Dictionary: translator-environment-dictionary, Language: English 
)
(C:\Users\PROYECTO\AppData\Local\Programs\MiKTeX\tex/latex/translator\translato
r-months-dictionary-English.dict
Dictionary: translator-months-dictionary, Language: English 
)
(C:\Users\PROYECTO\AppData\Local\Programs\MiKTeX\tex/latex/translator\translato
r-numbers-dictionary-English.dict
Dictionary: translator-numbers-dictionary, Language: English 
)
(C:\Users\PROYECTO\AppData\Local\Programs\MiKTeX\tex/latex/translator\translato
r-theorem-dictionary-English.dict
Dictionary: translator-theorem-dictionary, Language: English 
)
Package caption Info: Begin \AtBeginDocument code.
Package caption Info: listings package is loaded.
Package caption Info: End \AtBeginDocument code.
\c@lstlisting=\count390
(2_medidas_descriptivas_multivariadas.nav)
Overfull \hbox (1.33546pt too wide) detected at line 68
  []\T1/phv/m/n/6 Vector de medias, matriz de covarianzas y matriz de correlaci
ón[] 
 []

(2_medidas_descriptivas_multivariadas-concordance.tex)

Package hyperref Warning: Option `pdfauthor' has already been used,
(hyperref)                setting the option has no effect on input line 76.


Overfull \hbox (1.33546pt too wide) detected at line 84
  []\T1/phv/m/n/6 Vector de medias, matriz de covarianzas y matriz de correlaci
ón[] 
 []

LaTeX Font Info:    Trying to load font information for OT1+ztmcm on input line
 84.
(C:\Users\PROYECTO\AppData\Local\Programs\MiKTeX\tex/latex/psnfss\ot1ztmcm.fd
File: ot1ztmcm.fd 2000/01/03 Fontinst v1.801 font definitions for OT1/ztmcm.
)
LaTeX Font Info:    Trying to load font information for OML+ztmcm on input line
 84.
(C:\Users\PROYECTO\AppData\Local\Programs\MiKTeX\tex/latex/psnfss\omlztmcm.fd
File: omlztmcm.fd 2000/01/03 Fontinst v1.801 font definitions for OML/ztmcm.
)
LaTeX Font Info:    Trying to load font information for OMS+ztmcm on input line
 84.
(C:\Users\PROYECTO\AppData\Local\Programs\MiKTeX\tex/latex/psnfss\omsztmcm.fd
File: omsztmcm.fd 2000/01/03 Fontinst v1.801 font definitions for OMS/ztmcm.
)
LaTeX Font Info:    Trying to load font information for OMX+ztmcm on input line
 84.
(C:\Users\PROYECTO\AppData\Local\Programs\MiKTeX\tex/latex/psnfss\omxztmcm.fd
File: omxztmcm.fd 2000/01/03 Fontinst v1.801 font definitions for OMX/ztmcm.
)
LaTeX Font Info:    Trying to load font information for OT1+ptm on input line 8
4.
(C:\Users\PROYECTO\AppData\Local\Programs\MiKTeX\tex/latex/psnfss\ot1ptm.fd
File: ot1ptm.fd 2001/06/04 font definitions for OT1/ptm.
)
LaTeX Font Info:    Font shape `OT1/ptm/bx/n' in size <10.95> not available
(Font)              Font shape `OT1/ptm/b/n' tried instead on input line 84.
LaTeX Font Info:    Font shape `OT1/ptm/bx/n' in size <8> not available
(Font)              Font shape `OT1/ptm/b/n' tried instead on input line 84.
LaTeX Font Info:    Font shape `OT1/ptm/bx/n' in size <6> not available
(Font)              Font shape `OT1/ptm/b/n' tried instead on input line 84.
LaTeX Font Info:    Trying to load font information for T1+ptm on input line 84
.
(C:\Users\PROYECTO\AppData\Local\Programs\MiKTeX\tex/latex/psnfss\t1ptm.fd
File: t1ptm.fd 2001/06/04 font definitions for T1/ptm.
)
LaTeX Font Info:    Font shape `OT1/ptm/bx/n' in size <5> not available
(Font)              Font shape `OT1/ptm/b/n' tried instead on input line 84.



Overfull \hbox (1.33546pt too wide) has occurred while \output is active
  []\T1/phv/m/n/6 Vector de medias, matriz de covarianzas y matriz de correlaci
ón[] 
 []

[1{C:/Users/PROYECTO/AppData/Local/MiKTeX/fonts/map/pdftex/pdftex.map}{C:/Users
/PROYECTO/AppData/Local/Programs/MiKTeX/fonts/enc/dvips/base/8r.enc}

]
Overfull \hbox (1.33546pt too wide) detected at line 105
  []\T1/phv/m/n/6 Vector de medias, matriz de covarianzas y matriz de correlaci
ón[] 
 []

(2_medidas_descriptivas_multivariadas.toc)


Overfull \hbox (1.33546pt too wide) has occurred while \output is active
  []\T1/phv/m/n/6 Vector de medias, matriz de covarianzas y matriz de correlaci
ón[] 
 []

[2

]
Overfull \hbox (1.33546pt too wide) detected at line 113
  []\T1/phv/m/n/6 Vector de medias, matriz de covarianzas y matriz de correlaci
ón[] 
 []




Overfull \hbox (1.33546pt too wide) has occurred while \output is active
  []\T1/phv/m/n/6 Vector de medias, matriz de covarianzas y matriz de correlaci
ón[] 
 []

[3

]
Overfull \hbox (1.33546pt too wide) detected at line 133
  []\T1/phv/m/n/6 Vector de medias, matriz de covarianzas y matriz de correlaci
ón[] 
 []




Overfull \hbox (1.33546pt too wide) has occurred while \output is active
  []\T1/phv/m/n/6 Vector de medias, matriz de covarianzas y matriz de correlaci
ón[] 
 []

[4

]
Overfull \hbox (1.33546pt too wide) detected at line 143
  []\T1/phv/m/n/6 Vector de medias, matriz de covarianzas y matriz de correlaci
ón[] 
 []




Overfull \hbox (1.33546pt too wide) has occurred while \output is active
  []\T1/phv/m/n/6 Vector de medias, matriz de covarianzas y matriz de correlaci
ón[] 
 []

[5

]
Overfull \hbox (1.33546pt too wide) detected at line 157
  []\T1/phv/m/n/6 Vector de medias, matriz de covarianzas y matriz de correlaci
ón[] 
 []




Overfull \hbox (1.33546pt too wide) has occurred while \output is active
  []\T1/phv/m/n/6 Vector de medias, matriz de covarianzas y matriz de correlaci
ón[] 
 []

[6

]
Overfull \hbox (1.33546pt too wide) detected at line 168
  []\T1/phv/m/n/6 Vector de medias, matriz de covarianzas y matriz de correlaci
ón[] 
 []




Overfull \hbox (1.33546pt too wide) has occurred while \output is active
  []\T1/phv/m/n/6 Vector de medias, matriz de covarianzas y matriz de correlaci
ón[] 
 []

[7

]
Overfull \hbox (1.33546pt too wide) detected at line 180
  []\T1/phv/m/n/6 Vector de medias, matriz de covarianzas y matriz de correlaci
ón[] 
 []




Overfull \hbox (1.33546pt too wide) has occurred while \output is active
  []\T1/phv/m/n/6 Vector de medias, matriz de covarianzas y matriz de correlaci
ón[] 
 []

[8

]
Overfull \hbox (1.33546pt too wide) detected at line 192
  []\T1/phv/m/n/6 Vector de medias, matriz de covarianzas y matriz de correlaci
ón[] 
 []




Overfull \hbox (1.33546pt too wide) has occurred while \output is active
  []\T1/phv/m/n/6 Vector de medias, matriz de covarianzas y matriz de correlaci
ón[] 
 []

[9

]
Overfull \hbox (1.33546pt too wide) detected at line 194
  []\T1/phv/m/n/6 Vector de medias, matriz de covarianzas y matriz de correlaci
ón[] 
 []


Overfull \vbox (43.27574pt too high) detected at line 234
 []




Overfull \hbox (1.33546pt too wide) has occurred while \output is active
  []\T1/phv/m/n/6 Vector de medias, matriz de covarianzas y matriz de correlaci
ón[] 
 []

[10

]
Overfull \hbox (1.33546pt too wide) detected at line 248
  []\T1/phv/m/n/6 Vector de medias, matriz de covarianzas y matriz de correlaci
ón[] 
 []




Overfull \hbox (1.33546pt too wide) has occurred while \output is active
  []\T1/phv/m/n/6 Vector de medias, matriz de covarianzas y matriz de correlaci
ón[] 
 []

[11

]
Overfull \hbox (1.33546pt too wide) detected at line 259
  []\T1/phv/m/n/6 Vector de medias, matriz de covarianzas y matriz de correlaci
ón[] 
 []




Overfull \hbox (1.33546pt too wide) has occurred while \output is active
  []\T1/phv/m/n/6 Vector de medias, matriz de covarianzas y matriz de correlaci
ón[] 
 []

[12

]
Overfull \hbox (1.33546pt too wide) detected at line 283
  \T1/phv/m/n/6 Vector de medias, matriz de covarianzas y matriz de correlación
 
 []




Overfull \hbox (1.33546pt too wide) has occurred while \output is active
  \T1/phv/m/n/6 Vector de medias, matriz de covarianzas y matriz de correlación
 
 []

[13

]
Overfull \hbox (1.33546pt too wide) detected at line 299
  \T1/phv/m/n/6 Vector de medias, matriz de covarianzas y matriz de correlación
 
 []




Overfull \hbox (1.33546pt too wide) has occurred while \output is active
  \T1/phv/m/n/6 Vector de medias, matriz de covarianzas y matriz de correlación
 
 []

[14

]
Overfull \hbox (1.33546pt too wide) detected at line 313
  \T1/phv/m/n/6 Vector de medias, matriz de covarianzas y matriz de correlación
 
 []


Overfull \vbox (68.92995pt too high) detected at line 354
 []




Overfull \hbox (1.33546pt too wide) has occurred while \output is active
  \T1/phv/m/n/6 Vector de medias, matriz de covarianzas y matriz de correlación
 
 []

[15

]
Overfull \hbox (1.33546pt too wide) detected at line 365
  \T1/phv/m/n/6 Vector de medias, matriz de covarianzas y matriz de correlación
 
 []




Overfull \hbox (1.33546pt too wide) has occurred while \output is active
  \T1/phv/m/n/6 Vector de medias, matriz de covarianzas y matriz de correlación
 
 []

[16

]
Overfull \hbox (1.33546pt too wide) detected at line 375
  \T1/phv/m/n/6 Vector de medias, matriz de covarianzas y matriz de correlación
 
 []




Overfull \hbox (1.33546pt too wide) has occurred while \output is active
  \T1/phv/m/n/6 Vector de medias, matriz de covarianzas y matriz de correlación
 
 []

[17

]
Overfull \hbox (1.33546pt too wide) detected at line 397
  \T1/phv/m/n/6 Vector de medias, matriz de covarianzas y matriz de correlación
 
 []




Overfull \hbox (1.33546pt too wide) has occurred while \output is active
  \T1/phv/m/n/6 Vector de medias, matriz de covarianzas y matriz de correlación
 
 []

[18

]
Overfull \hbox (1.33546pt too wide) detected at line 408
  \T1/phv/m/n/6 Vector de medias, matriz de covarianzas y matriz de correlación
 
 []




Overfull \hbox (1.33546pt too wide) has occurred while \output is active
  \T1/phv/m/n/6 Vector de medias, matriz de covarianzas y matriz de correlación
 
 []

[19

]
Overfull \hbox (1.33546pt too wide) detected at line 430
  \T1/phv/m/n/6 Vector de medias, matriz de covarianzas y matriz de correlación
 
 []




Overfull \hbox (1.33546pt too wide) has occurred while \output is active
  \T1/phv/m/n/6 Vector de medias, matriz de covarianzas y matriz de correlación
 
 []

[20

]
Overfull \hbox (1.33546pt too wide) detected at line 434
  \T1/phv/m/n/6 Vector de medias, matriz de covarianzas y matriz de correlación
 
 []




Overfull \hbox (1.33546pt too wide) has occurred while \output is active
  \T1/phv/m/n/6 Vector de medias, matriz de covarianzas y matriz de correlación
 
 []

[21

]
Overfull \hbox (1.33546pt too wide) detected at line 445
  \T1/phv/m/n/6 Vector de medias, matriz de covarianzas y matriz de correlación
 
 []




Overfull \hbox (1.33546pt too wide) has occurred while \output is active
  \T1/phv/m/n/6 Vector de medias, matriz de covarianzas y matriz de correlación
 
 []

[22

]
Overfull \hbox (1.33546pt too wide) detected at line 449
  \T1/phv/m/n/6 Vector de medias, matriz de covarianzas y matriz de correlación
 
 []




Overfull \hbox (1.33546pt too wide) has occurred while \output is active
  \T1/phv/m/n/6 Vector de medias, matriz de covarianzas y matriz de correlación
 
 []

[23

]
Overfull \hbox (1.33546pt too wide) detected at line 456
  \T1/phv/m/n/6 Vector de medias, matriz de covarianzas y matriz de correlación
 
 []

LaTeX Font Info:    Font shape `OT1/ptm/bx/n' in size <14.4> not available
(Font)              Font shape `OT1/ptm/b/n' tried instead on input line 456.



Overfull \hbox (1.33546pt too wide) has occurred while \output is active
  \T1/phv/m/n/6 Vector de medias, matriz de covarianzas y matriz de correlación
 
 []

[24

]
Overfull \hbox (1.33546pt too wide) detected at line 463
  \T1/phv/m/n/6 Vector de medias, matriz de covarianzas y matriz de correlación
 
 []




Overfull \hbox (1.33546pt too wide) has occurred while \output is active
  \T1/phv/m/n/6 Vector de medias, matriz de covarianzas y matriz de correlación
 
 []

[25

]
Overfull \hbox (1.33546pt too wide) detected at line 473
  \T1/phv/m/n/6 Vector de medias, matriz de covarianzas y matriz de correlación
 
 []


pdfTeX warning (ext4): destination with the same identifier (name{CLineal}) has
 been already used, duplicate ignored
<to be read again> 
                   \relax 
l.473 \end{frame}
                 
pdfTeX warning (ext4): destination with the same identifier (name{ec:CoLin}) ha
s been already used, duplicate ignored
<to be read again> 
                   \relax 
l.473 \end{frame}
                 


Overfull \hbox (1.33546pt too wide) has occurred while \output is active
  \T1/phv/m/n/6 Vector de medias, matriz de covarianzas y matriz de correlación
 
 []

[26

]
Overfull \hbox (1.33546pt too wide) detected at line 476
  \T1/phv/m/n/6 Vector de medias, matriz de covarianzas y matriz de correlación
 
 []

LaTeX Font Info:    Font shape `OT1/ptm/bx/n' in size <10> not available
(Font)              Font shape `OT1/ptm/b/n' tried instead on input line 480.
LaTeX Font Info:    Font shape `OT1/ptm/bx/n' in size <7.4> not available
(Font)              Font shape `OT1/ptm/b/n' tried instead on input line 480.



Overfull \hbox (1.33546pt too wide) has occurred while \output is active
  \T1/phv/m/n/6 Vector de medias, matriz de covarianzas y matriz de correlación
 
 []

[27

]
Overfull \hbox (1.33546pt too wide) detected at line 490
  \T1/phv/m/n/6 Vector de medias, matriz de covarianzas y matriz de correlación
 
 []




Overfull \hbox (1.33546pt too wide) has occurred while \output is active
  \T1/phv/m/n/6 Vector de medias, matriz de covarianzas y matriz de correlación
 
 []

[28

]
Overfull \hbox (1.33546pt too wide) detected at line 525
  \T1/phv/m/n/6 Vector de medias, matriz de covarianzas y matriz de correlación
 
 []




Overfull \hbox (1.33546pt too wide) has occurred while \output is active
  \T1/phv/m/n/6 Vector de medias, matriz de covarianzas y matriz de correlación
 
 []

[29

]
Overfull \hbox (1.33546pt too wide) detected at line 539
  \T1/phv/m/n/6 Vector de medias, matriz de covarianzas y matriz de correlación
 
 []




Overfull \hbox (1.33546pt too wide) has occurred while \output is active
  \T1/phv/m/n/6 Vector de medias, matriz de covarianzas y matriz de correlación
 
 []

[30

]
Overfull \hbox (1.33546pt too wide) detected at line 548
  \T1/phv/m/n/6 Vector de medias, matriz de covarianzas y matriz de correlación
 
 []




Overfull \hbox (1.33546pt too wide) has occurred while \output is active
  \T1/phv/m/n/6 Vector de medias, matriz de covarianzas y matriz de correlación
 
 []

[31

]
Overfull \hbox (1.33546pt too wide) detected at line 559
  \T1/phv/m/n/6 Vector de medias, matriz de covarianzas y matriz de correlación
 
 []




Overfull \hbox (1.33546pt too wide) has occurred while \output is active
  \T1/phv/m/n/6 Vector de medias, matriz de covarianzas y matriz de correlación
 
 []

[32

]
Overfull \hbox (1.33546pt too wide) detected at line 569
  \T1/phv/m/n/6 Vector de medias, matriz de covarianzas y matriz de correlación
 
 []




Overfull \hbox (1.33546pt too wide) has occurred while \output is active
  \T1/phv/m/n/6 Vector de medias, matriz de covarianzas y matriz de correlación
 
 []

[33

]
Overfull \hbox (1.33546pt too wide) detected at line 584
  \T1/phv/m/n/6 Vector de medias, matriz de covarianzas y matriz de correlación
 
 []




Overfull \hbox (1.33546pt too wide) has occurred while \output is active
  \T1/phv/m/n/6 Vector de medias, matriz de covarianzas y matriz de correlación
 
 []

[34


pdfTeX warning (ext4): destination with the same identifier (name{TDespectr1}) 
has been already used, duplicate ignored
<argument> ...shipout:D \box_use:N \l_shipout_box 
                                                  \__shipout_drop_firstpage_...
l.584 \end{frame}
                 ]
Overfull \hbox (1.33546pt too wide) detected at line 607
  \T1/phv/m/n/6 Vector de medias, matriz de covarianzas y matriz de correlación
 
 []




Overfull \hbox (1.33546pt too wide) has occurred while \output is active
  \T1/phv/m/n/6 Vector de medias, matriz de covarianzas y matriz de correlación
 
 []

[35

]
Overfull \hbox (1.33546pt too wide) detected at line 612
  \T1/phv/m/n/6 Vector de medias, matriz de covarianzas y matriz de correlación
 
 []




Overfull \hbox (1.33546pt too wide) has occurred while \output is active
  \T1/phv/m/n/6 Vector de medias, matriz de covarianzas y matriz de correlación
 
 []

[36

]
Overfull \hbox (1.33546pt too wide) detected at line 621
  \T1/phv/m/n/6 Vector de medias, matriz de covarianzas y matriz de correlación
 
 []

<2_medidas_descriptivas_multivariadas-013.pdf, id=1209, 433.62pt x 289.08pt>
File: 2_medidas_descriptivas_multivariadas-013.pdf Graphic file (type pdf)
<use 2_medidas_descriptivas_multivariadas-013.pdf>
Package pdftex.def Info: 2_medidas_descriptivas_multivariadas-013.pdf  used on 
input line 621.
(pdftex.def)             Requested size: 245.83282pt x 163.89069pt.



Overfull \hbox (1.33546pt too wide) has occurred while \output is active
  \T1/phv/m/n/6 Vector de medias, matriz de covarianzas y matriz de correlación
 
 []

[37

 <./2_medidas_descriptivas_multivariadas-013.pdf>]
Overfull \hbox (1.33546pt too wide) detected at line 625
  \T1/phv/m/n/6 Vector de medias, matriz de covarianzas y matriz de correlación
 
 []

<2_medidas_descriptivas_multivariadas-014.pdf, id=1248, 289.08pt x 180.675pt>
File: 2_medidas_descriptivas_multivariadas-014.pdf Graphic file (type pdf)
<use 2_medidas_descriptivas_multivariadas-014.pdf>
Package pdftex.def Info: 2_medidas_descriptivas_multivariadas-014.pdf  used on 
input line 625.
(pdftex.def)             Requested size: 289.07928pt x 180.67455pt.



Overfull \hbox (1.33546pt too wide) has occurred while \output is active
  \T1/phv/m/n/6 Vector de medias, matriz de covarianzas y matriz de correlación
 
 []

[38

 <./2_medidas_descriptivas_multivariadas-014.pdf>]
Overfull \hbox (1.33546pt too wide) detected at line 634
  \T1/phv/m/n/6 Vector de medias, matriz de covarianzas y matriz de correlación
 
 []

<2_medidas_descriptivas_multivariadas-015.pdf, id=1285, 433.62pt x 433.62pt>
File: 2_medidas_descriptivas_multivariadas-015.pdf Graphic file (type pdf)
<use 2_medidas_descriptivas_multivariadas-015.pdf>
Package pdftex.def Info: 2_medidas_descriptivas_multivariadas-015.pdf  used on 
input line 634.
(pdftex.def)             Requested size: 215.10196pt x 215.1024pt.

Overfull \vbox (33.84462pt too high) detected at line 634
 []




Overfull \hbox (1.33546pt too wide) has occurred while \output is active
  \T1/phv/m/n/6 Vector de medias, matriz de covarianzas y matriz de correlación
 
 []

[39

 <./2_medidas_descriptivas_multivariadas-015.pdf>]
Overfull \hbox (1.33546pt too wide) detected at line 643
  \T1/phv/m/n/6 Vector de medias, matriz de covarianzas y matriz de correlación
 
 []

<2_medidas_descriptivas_multivariadas-016.pdf, id=1323, 433.62pt x 433.62pt>
File: 2_medidas_descriptivas_multivariadas-016.pdf Graphic file (type pdf)
<use 2_medidas_descriptivas_multivariadas-016.pdf>
Package pdftex.def Info: 2_medidas_descriptivas_multivariadas-016.pdf  used on 
input line 643.
(pdftex.def)             Requested size: 215.10196pt x 215.1024pt.

pdfTeX warning (ext4): destination with the same identifier (name{fig:idiCiudad
esl}) has been already used, duplicate ignored
<to be read again> 
                   \relax 
l.643 \end{frame}
                 
Overfull \vbox (33.84462pt too high) detected at line 643
 []




Overfull \hbox (1.33546pt too wide) has occurred while \output is active
  \T1/phv/m/n/6 Vector de medias, matriz de covarianzas y matriz de correlación
 
 []

[40

 <./2_medidas_descriptivas_multivariadas-016.pdf>]
Overfull \hbox (1.33546pt too wide) detected at line 729
  \T1/phv/m/n/6 Vector de medias, matriz de covarianzas y matriz de correlación
 
 []




Overfull \hbox (1.33546pt too wide) has occurred while \output is active
  \T1/phv/m/n/6 Vector de medias, matriz de covarianzas y matriz de correlación
 
 []

[41

]
Overfull \hbox (1.33546pt too wide) detected at line 734
  \T1/phv/m/n/6 Vector de medias, matriz de covarianzas y matriz de correlación
 
 []




Overfull \hbox (1.33546pt too wide) has occurred while \output is active
  \T1/phv/m/n/6 Vector de medias, matriz de covarianzas y matriz de correlación
 
 []

[42

]
Overfull \hbox (1.33546pt too wide) detected at line 749
  \T1/phv/m/n/6 Vector de medias, matriz de covarianzas y matriz de correlación
 
 []




Overfull \hbox (1.33546pt too wide) has occurred while \output is active
  \T1/phv/m/n/6 Vector de medias, matriz de covarianzas y matriz de correlación
 
 []

[43

]
Overfull \hbox (1.33546pt too wide) detected at line 759
  \T1/phv/m/n/6 Vector de medias, matriz de covarianzas y matriz de correlación
 
 []




Overfull \hbox (1.33546pt too wide) has occurred while \output is active
  \T1/phv/m/n/6 Vector de medias, matriz de covarianzas y matriz de correlación
 
 []

[44

]
Overfull \hbox (1.33546pt too wide) detected at line 780
  \T1/phv/m/n/6 Vector de medias, matriz de covarianzas y matriz de correlación
 
 []




Overfull \hbox (1.33546pt too wide) has occurred while \output is active
  \T1/phv/m/n/6 Vector de medias, matriz de covarianzas y matriz de correlación
 
 []

[45

]
Overfull \hbox (1.33546pt too wide) detected at line 790
  \T1/phv/m/n/6 Vector de medias, matriz de covarianzas y matriz de correlación
 
 []




Overfull \hbox (1.33546pt too wide) has occurred while \output is active
  \T1/phv/m/n/6 Vector de medias, matriz de covarianzas y matriz de correlación
 
 []

[46

]
Overfull \hbox (1.33546pt too wide) detected at line 797
  \T1/phv/m/n/6 Vector de medias, matriz de covarianzas y matriz de correlación
 
 []




Overfull \hbox (1.33546pt too wide) has occurred while \output is active
  \T1/phv/m/n/6 Vector de medias, matriz de covarianzas y matriz de correlación
 
 []

[47

]
Overfull \hbox (1.33546pt too wide) detected at line 799
  \T1/phv/m/n/6 Vector de medias, matriz de covarianzas y matriz de correlación
 
 []

\openout4 = `2_medidas_descriptivas_multivariadas.vrb'.


Overfull \hbox (1.33546pt too wide) detected at line 818
  \T1/phv/m/n/6 Vector de medias, matriz de covarianzas y matriz de correlación
 
 []

(2_medidas_descriptivas_multivariadas.vrb)


Overfull \hbox (1.33546pt too wide) has occurred while \output is active
  \T1/phv/m/n/6 Vector de medias, matriz de covarianzas y matriz de correlación
 
 []

[48

]
Overfull \hbox (1.33546pt too wide) detected at line 822
  \T1/phv/m/n/6 Vector de medias, matriz de covarianzas y matriz de correlación
 
 []




Overfull \hbox (1.33546pt too wide) has occurred while \output is active
  \T1/phv/m/n/6 Vector de medias, matriz de covarianzas y matriz de correlación
 
 []

[49

]
Overfull \hbox (1.33546pt too wide) detected at line 826
  \T1/phv/m/n/6 Vector de medias, matriz de covarianzas y matriz de correlación
 
 []




Overfull \hbox (1.33546pt too wide) has occurred while \output is active
  \T1/phv/m/n/6 Vector de medias, matriz de covarianzas y matriz de correlación
 
 []

[50

]
Overfull \hbox (1.33546pt too wide) detected at line 872
  \T1/phv/m/n/6 Vector de medias, matriz de covarianzas y matriz de correlación
 
 []

(2_medidas_descriptivas_multivariadas.bbl

Package hyperref Warning: Token not allowed in a PDF string (Unicode):
(hyperref)                removing `\translate ' on input line 1.

LaTeX Font Info:    Font shape `T1/phv/m/it' in size <10.95> not available
(Font)              Font shape `T1/phv/m/sl' tried instead on input line 6.
)


Overfull \hbox (1.33546pt too wide) has occurred while \output is active
  []\T1/phv/m/n/6 Vector de medias, matriz de covarianzas y matriz de correlaci
ón[] 
 []

[51

]
Overfull \hbox (1.33546pt too wide) detected at line 877
  []\T1/phv/m/n/6 Vector de medias, matriz de covarianzas y matriz de correlaci
ón[] 
 []




Overfull \hbox (1.33546pt too wide) has occurred while \output is active
  []\T1/phv/m/n/6 Vector de medias, matriz de covarianzas y matriz de correlaci
ón[] 
 []

[52

]
\tf@nav=\write7
\openout7 = `2_medidas_descriptivas_multivariadas.nav'.

\tf@toc=\write8
\openout8 = `2_medidas_descriptivas_multivariadas.toc'.

\tf@snm=\write9
\openout9 = `2_medidas_descriptivas_multivariadas.snm'.

(2_medidas_descriptivas_multivariadas.aux)
 ***********
LaTeX2e <2024-11-01> patch level 1
L3 programming layer <2024-12-25>
 ***********

LaTeX Warning: There were multiply-defined labels.

Package rerunfilecheck Info: File `2_medidas_descriptivas_multivariadas.out' ha
s not changed.
(rerunfilecheck)             Checksum: C1A22E36DFD983CA8C9798CE167CCFD9;481.
 ) 
Here is how much of TeX's memory you used:
 27131 strings out of 473536
 520312 string characters out of 5713504
 892795 words of memory out of 5000000
 49617 multiletter control sequences out of 15000+600000
 647867 words of font info for 154 fonts, out of 8000000 for 9000
 1141 hyphenation exceptions out of 8191
 128i,19n,123p,531b,635s stack positions out of 10000i,1000n,20000p,200000b,200000s
<C:/Users/PROYECTO/AppData/Local/Programs/MiKTeX/fonts/type1/public/amsfonts/
cm/cmex10.pfb><C:/Users/PROYECTO/AppData/Local/Programs/MiKTeX/fonts/type1/publ
ic/amsfonts/cm/cmmi10.pfb><C:/Users/PROYECTO/AppData/Local/Programs/MiKTeX/font
s/type1/public/amsfonts/cm/cmr10.pfb><C:/Users/PROYECTO/AppData/Local/Programs/
MiKTeX/fonts/type1/public/amsfonts/cm/cmsy10.pfb><C:/Users/PROYECTO/AppData/Loc
al/Programs/MiKTeX/fonts/type1/urw/helvetic/uhvb8a.pfb><C:/Users/PROYECTO/AppDa
ta/Local/Programs/MiKTeX/fonts/type1/urw/helvetic/uhvr8a.pfb><C:/Users/PROYECTO
/AppData/Local/Programs/MiKTeX/fonts/type1/urw/helvetic/uhvro8a.pfb><C:/Users/P
ROYECTO/AppData/Local/Programs/MiKTeX/fonts/type1/urw/symbol/usyr.pfb><C:/Users
/PROYECTO/AppData/Local/Programs/MiKTeX/fonts/type1/urw/symbol/usyr.pfb><C:/Use
rs/PROYECTO/AppData/Local/Programs/MiKTeX/fonts/type1/urw/times/utmr8a.pfb><C:/
Users/PROYECTO/AppData/Local/Programs/MiKTeX/fonts/type1/urw/times/utmri8a.pfb>
Output written on 2_medidas_descriptivas_multivariadas.pdf (52 pages, 490635 by
tes).
PDF statistics:
 1823 PDF objects out of 2073 (max. 8388607)
 134 named destinations out of 1000 (max. 500000)
 155 words of extra memory for PDF output out of 10000 (max. 10000000)

